[2026-08-20 11:42:26] 입찰공고 수집 시작 (포항 지역만 서버에서 필터링)
[2026-08-20 11:42:29]   page 1: 200건 (누적 200건)
[2026-08-20 11:42:31]   page 2: 200건 (누적 400건)
[2026-08-20 11:42:31]   페이지 전체가 이미 마감된 공고 -> 조기 종료
[2026-08-20 11:42:31] 포항 지역 공고 400건 수집
[2026-08-20 11:42:31] 품목 키워드에 맞는 공고 4건
[2026-08-20 11:42:35] 상세정보(기초가격/입찰기간/개찰일시 등) 보강 완료
[2026-08-20 11:42:35] 신규 공고 0건
[2026-08-20 11:42:35] dashboard.html 갱신 완료 -> /home/runner/work/bid-notifier/bid-notifier/index.html
[2026-08-20 11:44:59] 입찰공고 수집 시작 (포항 지역만 서버에서 필터링)
[2026-08-20 11:45:02]   page 1: 200건 (누적 200건)
[2026-08-20 11:45:04]   page 2: 200건 (누적 400건)
[2026-08-20 11:45:04]   페이지 전체가 이미 마감된 공고 -> 조기 종료
[2026-08-20 11:45:04] 포항 지역 공고 400건 수집
[2026-08-20 11:45:04] 품목 키워드에 맞는 공고 4건
[2026-08-20 11:45:10] 상세정보(기초가격/입찰기간/개찰일시 등) 보강 완료
[2026-08-20 11:45:10] 신규 공고 4건
[2026-08-20 11:45:11] 이메일 발송 완료 (신규 4건 · 전체 4건)
[2026-08-20 11:45:11] dashboard.html 갱신 완료 -> /home/runner/work/bid-notifier/bid-notifier/index.html
[2026-08-20 12:02:19] 입찰공고 수집 시작 (포항 지역만 서버에서 필터링)
[2026-08-20 12:02:22]   page 1: 200건 (누적 200건)
[2026-08-20 12:02:24]   page 2: 200건 (누적 400건)
[2026-08-20 12:02:24]   페이지 전체가 이미 마감된 공고 -> 조기 종료
[2026-08-20 12:02:24] 포항 지역 공고 400건 수집
[2026-08-20 12:02:24] 품목 키워드에 맞는 공고 4건
[2026-08-20 12:02:30] 상세정보(기초가격/입찰기간/개찰일시 등) 보강 완료
[2026-08-20 12:02:30] 신규 공고 0건
[2026-08-20 12:02:30] dashboard.html 갱신 완료 -> /home/runner/work/bid-notifier/bid-notifier/index.html
[2026-08-20 12:10:19] 입찰공고 수집 시작 (포항 지역만 서버에서 필터링)
[2026-08-20 12:10:21]   page 1: 200건 (누적 200건)
[2026-08-20 12:10:23]   page 2: 200건 (누적 400건)
[2026-08-20 12:10:23]   페이지 전체가 이미 마감된 공고 -> 조기 종료
[2026-08-20 12:10:23] 포항 지역 공고 400건 수집
[2026-08-20 12:10:23] 품목 키워드에 맞는 공고 4건
[2026-08-20 12:10:27] 상세정보(기초가격/입찰기간/개찰일시 등) 보강 완료
[2026-08-20 12:10:27] 신규 공고 0건
[2026-08-20 12:10:27] dashboard.html 갱신 완료 -> /home/runner/work/bid-notifier/bid-notifier/index.html
[2026-08-20 12:10:55] 입찰공고 수집 시작 (포항 지역만 서버에서 필터링)
[2026-08-20 12:10:57]   page 1: 200건 (누적 200건)
[2026-08-20 12:10:59]   page 2: 200건 (누적 400건)
[2026-08-20 12:10:59]   페이지 전체가 이미 마감된 공고 -> 조기 종료
[2026-08-20 12:10:59] 포항 지역 공고 400건 수집
[2026-08-20 12:10:59] 품목 키워드에 맞는 공고 4건
[2026-08-20 12:11:02] 상세정보(기초가격/입찰기간/개찰일시 등) 보강 완료
[2026-08-20 12:11:02] 신규 공고 0건
[2026-08-20 12:11:02] dashboard.html 갱신 완료 -> /home/runner/work/bid-notifier/bid-notifier/index.html
[2026-08-20 12:22:34] 입찰공고 수집 시작 (포항 지역만 서버에서 필터링)
[2026-08-20 12:22:36]   page 1: 200건 (누적 200건)
[2026-08-20 12:22:38]   page 2: 200건 (누적 400건)
[2026-08-20 12:22:38]   페이지 전체가 이미 마감된 공고 -> 조기 종료
[2026-08-20 12:22:38] 포항 지역 공고 400건 수집
[2026-08-20 12:22:38] 품목 키워드에 맞는 공고 4건
[2026-08-20 12:22:42] 상세정보(기초가격/입찰기간/개찰일시 등) 보강 완료
[2026-08-20 12:22:42] 신규 공고 0건
[2026-08-20 12:22:42] dashboard.html 갱신 완료 -> /home/runner/work/bid-notifier/bid-notifier/index.html
[2026-08-20 14:29:41] 입찰공고 수집 시작 (포항 지역만 서버에서 필터링)
[2026-08-20 14:29:43]   page 1: 200건 (누적 200건)
[2026-08-20 14:29:46]   page 2: 200건 (누적 400건)
[2026-08-20 14:29:46]   페이지 전체가 이미 마감된 공고 -> 조기 종료
[2026-08-20 14:29:46] 포항 지역 공고 400건 수집
[2026-08-20 14:29:46] 품목 키워드에 맞는 공고 4건
[2026-08-20 14:29:50] 상세정보(기초가격/입찰기간/개찰일시 등) 보강 완료
[2026-08-20 14:29:50] 신규 공고 0건
[2026-08-20 14:29:50] dashboard.html 갱신 완료 -> /home/runner/work/bid-notifier/bid-notifier/index.html
[2026-08-21 03:31:08] 입찰공고 수집 시작 (포항 지역만 서버에서 필터링)
[2026-08-21 03:31:11]   page 1: 200건 (누적 200건)
[2026-08-21 03:31:13]   page 2: 200건 (누적 400건)
[2026-08-21 03:31:13]   페이지 전체가 이미 마감된 공고 -> 조기 종료
[2026-08-21 03:31:13] 포항 지역 공고 400건 수집
[2026-08-21 03:31:13] 품목 키워드에 맞는 공고 5건
[2026-08-21 03:31:20] 상세정보(기초가격/입찰기간/개찰일시 등) 보강 완료
[2026-08-21 03:31:20] 신규 공고 1건
[2026-08-21 03:31:21] 이메일 발송 완료 (신규 1건 · 전체 5건)
[2026-08-21 03:31:21] dashboard.html 갱신 완료 -> /home/runner/work/bid-notifier/bid-notifier/index.html
[2026-08-22 04:57:03] 입찰공고 수집 시작 (포항 지역만 서버에서 필터링)
[2026-08-22 04:57:05]   page 1: 200건 (누적 200건)
[2026-08-22 04:57:07]   page 2: 200건 (누적 400건)
[2026-08-22 04:57:07]   페이지 전체가 이미 마감된 공고 -> 조기 종료
[2026-08-22 04:57:07] 포항 지역 공고 400건 수집
[2026-08-22 04:57:07] 품목 키워드에 맞는 공고 5건
[2026-08-22 04:57:11] 상세정보(기초가격/입찰기간/개찰일시 등) 보강 완료
[2026-08-22 04:57:11] 신규 공고 1건
[2026-08-22 04:57:12] 이메일 발송 완료 (신규 1건 · 전체 5건)
[2026-08-22 04:57:12] dashboard.html 갱신 완료 -> /home/runner/work/bid-notifier/bid-notifier/index.html
[2026-08-23 04:58:37] 입찰공고 수집 시작 (포항 지역만 서버에서 필터링)
[2026-08-23 04:58:39]   page 1: 200건 (누적 200건)
[2026-08-23 04:58:42]   page 2: 200건 (누적 400건)
[2026-08-23 04:58:42]   페이지 전체가 이미 마감된 공고 -> 조기 종료
[2026-08-23 04:58:42] 포항 지역 공고 400건 수집
[2026-08-23 04:58:42] 품목 키워드에 맞는 공고 5건
[2026-08-23 04:58:47] 상세정보(기초가격/입찰기간/개찰일시 등) 보강 완료
[2026-08-23 04:58:47] 신규 공고 0건
[2026-08-23 04:58:47] dashboard.html 갱신 완료 -> /home/runner/work/bid-notifier/bid-notifier/index.html
[2026-08-24 05:25:04] 입찰공고 수집 시작 (포항 지역만 서버에서 필터링)
[2026-08-24 05:25:06]   page 1: 200건 (누적 200건)
[2026-08-24 05:25:08]   page 2: 200건 (누적 400건)
[2026-08-24 05:25:08]   페이지 전체가 이미 마감된 공고 -> 조기 종료
[2026-08-24 05:25:08] 포항 지역 공고 400건 수집
[2026-08-24 05:25:08] 품목 키워드에 맞는 공고 5건
[2026-08-24 05:25:13] 상세정보(기초가격/입찰기간/개찰일시 등) 보강 완료
[2026-08-24 05:25:13] 신규 공고 0건
[2026-08-24 05:25:13] dashboard.html 갱신 완료 -> /home/runner/work/bid-notifier/bid-notifier/index.html
[2026-08-25 05:07:06] 입찰공고 수집 시작 (포항 지역만 서버에서 필터링)
[2026-08-25 05:07:08]   page 1: 200건 (누적 200건)
[2026-08-25 05:07:10]   page 2: 200건 (누적 400건)
[2026-08-25 05:07:10]   페이지 전체가 이미 마감된 공고 -> 조기 종료
[2026-08-25 05:07:10] 포항 지역 공고 400건 수집
[2026-08-25 05:07:10] 품목 키워드에 맞는 공고 5건
[2026-08-25 05:07:15] 상세정보(기초가격/입찰기간/개찰일시 등) 보강 완료
[2026-08-25 05:07:15] 신규 공고 0건
[2026-08-25 05:07:15] dashboard.html 갱신 완료 -> /home/runner/work/bid-notifier/bid-notifier/index.html
[2026-08-26 05:06:37] 입찰공고 수집 시작 (포항 지역만 서버에서 필터링)
[2026-08-26 05:06:39]   page 1: 200건 (누적 200건)
[2026-08-26 05:06:41]   page 2: 200건 (누적 400건)
[2026-08-26 05:06:41]   페이지 전체가 이미 마감된 공고 -> 조기 종료
[2026-08-26 05:06:41] 포항 지역 공고 400건 수집
[2026-08-26 05:06:41] 품목 키워드에 맞는 공고 4건
[2026-08-26 05:06:47] 상세정보(기초가격/입찰기간/개찰일시 등) 보강 완료
[2026-08-26 05:06:47] 신규 공고 0건
[2026-08-26 05:06:47] dashboard.html 갱신 완료 -> /home/runner/work/bid-notifier/bid-notifier/index.html
[2026-08-28 21:14:35] 입찰공고 수집 시작 (포항 지역만 서버에서 필터링)
[2026-08-28 21:14:37]   page 1: 200건 (누적 200건)
[2026-08-28 21:14:39]   page 2: 200건 (누적 400건)
[2026-08-28 21:14:39]   페이지 전체가 이미 마감된 공고 -> 조기 종료
[2026-08-28 21:14:39] 포항 지역 공고 400건 수집
[2026-08-28 21:14:39] 품목 키워드에 맞는 공고 0건
[2026-08-28 21:14:39] 상세정보(기초가격/입찰기간/개찰일시 등) 보강 완료
[2026-08-28 21:14:39] 신규 공고 0건
[2026-08-28 21:14:39] dashboard.html 갱신 완료 -> /home/runner/work/bid-notifier/bid-notifier/index.html
